C:\Users\pedri\Documents\LABMining\ck\src\main\java\com\github\mauricioaniche\ck\metric\DIT.java
C:\Users\pedri\Documents\LABMining\ck\src\main\java\com\github\mauricioaniche\ck\metric\MethodInvocationsLocal.java
C:\Users\pedri\Documents\LABMining\ck\src\main\java\com\github\mauricioaniche\ck\metric\NOC.java
C:\Users\pedri\Documents\LABMining\ck\src\main\java\com\github\mauricioaniche\ck\metric\CouplingExtras.java
C:\Users\pedri\Documents\LABMining\ck\src\main\java\com\github\mauricioaniche\ck\metric\ClassLevelMetric.java
C:\Users\pedri\Documents\LABMining\ck\src\main\java\com\github\mauricioaniche\ck\metric\NumberOfMethods.java
C:\Users\pedri\Documents\LABMining\ck\src\main\java\com\github\mauricioaniche\ck\metric\NOSI.java
C:\Users\pedri\Documents\LABMining\ck\src\main\java\com\github\mauricioaniche\ck\util\JDTUtils.java
C:\Users\pedri\Documents\LABMining\ck\src\main\java\com\github\mauricioaniche\ck\metric\CBO.java
C:\Users\pedri\Documents\LABMining\ck\src\main\java\com\github\mauricioaniche\ck\metric\NumberOfStringLiterals.java
C:\Users\pedri\Documents\LABMining\ck\src\main\java\com\github\mauricioaniche\ck\CK.java
C:\Users\pedri\Documents\LABMining\ck\src\main\java\com\github\mauricioaniche\ck\metric\Coupling.java
C:\Users\pedri\Documents\LABMining\ck\src\main\java\com\github\mauricioaniche\ck\metric\MethodLevelFieldUsageCount.java
C:\Users\pedri\Documents\LABMining\ck\src\main\java\com\github\mauricioaniche\ck\metric\ClassLevelWordCounter.java
C:\Users\pedri\Documents\LABMining\ck\src\main\java\com\github\mauricioaniche\ck\metric\NumberOfComparisons.java
C:\Users\pedri\Documents\LABMining\ck\src\main\java\com\github\mauricioaniche\ck\metric\NumberOfMaxNestedBlock.java
C:\Users\pedri\Documents\LABMining\ck\src\main\java\com\github\mauricioaniche\ck\metric\NumberOfTryCatches.java
C:\Users\pedri\Documents\LABMining\ck\src\main\java\com\github\mauricioaniche\ck\metric\CKASTVisitor.java
C:\Users\pedri\Documents\LABMining\ck\src\main\java\com\github\mauricioaniche\ck\CKMethodResult.java
C:\Users\pedri\Documents\LABMining\ck\src\main\java\com\github\mauricioaniche\ck\CKClassResult.java
C:\Users\pedri\Documents\LABMining\ck\src\main\java\com\github\mauricioaniche\ck\metric\NumberOfInnerClassesLambdasAndAnonymousClasses.java
C:\Users\pedri\Documents\LABMining\ck\src\main\java\com\github\mauricioaniche\ck\Runner.java
C:\Users\pedri\Documents\LABMining\ck\src\main\java\com\github\mauricioaniche\ck\ResultWriter.java
C:\Users\pedri\Documents\LABMining\ck\src\main\java\com\github\mauricioaniche\ck\metric\MethodLevelMetric.java
C:\Users\pedri\Documents\LABMining\ck\src\main\java\com\github\mauricioaniche\ck\metric\NumberOfVariables.java
C:\Users\pedri\Documents\LABMining\ck\src\main\java\com\github\mauricioaniche\ck\CKNotifier.java
C:\Users\pedri\Documents\LABMining\ck\src\main\java\com\github\mauricioaniche\ck\metric\NumberOfReturns.java
C:\Users\pedri\Documents\LABMining\ck\src\main\java\com\github\mauricioaniche\ck\metric\LCOMNormalized.java
C:\Users\pedri\Documents\LABMining\ck\src\main\java\com\github\mauricioaniche\ck\metric\LCOM.java
C:\Users\pedri\Documents\LABMining\ck\src\main\java\com\github\mauricioaniche\ck\metric\NOCExtras.java
C:\Users\pedri\Documents\LABMining\ck\src\main\java\com\github\mauricioaniche\ck\metric\NumberOfNumbers.java
C:\Users\pedri\Documents\LABMining\ck\src\main\java\com\github\mauricioaniche\ck\metric\MethodLevelWordCounter.java
C:\Users\pedri\Documents\LABMining\ck\src\main\java\com\github\mauricioaniche\ck\metric\WMC.java
C:\Users\pedri\Documents\LABMining\ck\src\main\java\com\github\mauricioaniche\ck\MetricsExecutor.java
C:\Users\pedri\Documents\LABMining\ck\src\main\java\com\github\mauricioaniche\ck\util\DependencySorter.java
C:\Users\pedri\Documents\LABMining\ck\src\main\java\com\github\mauricioaniche\ck\metric\NumberOfParameters.java
C:\Users\pedri\Documents\LABMining\ck\src\main\java\com\github\mauricioaniche\ck\metric\VariableOrParameterUsageCount.java
C:\Users\pedri\Documents\LABMining\ck\src\main\java\com\github\mauricioaniche\ck\CKVisitor.java
C:\Users\pedri\Documents\LABMining\ck\src\main\java\com\github\mauricioaniche\ck\metric\NumberOfLogStatements.java
C:\Users\pedri\Documents\LABMining\ck\src\main\java\com\github\mauricioaniche\ck\metric\TightClassCohesion.java
C:\Users\pedri\Documents\LABMining\ck\src\main\java\com\github\mauricioaniche\ck\metric\RunAfter.java
C:\Users\pedri\Documents\LABMining\ck\src\main\java\com\github\mauricioaniche\ck\metric\RFC.java
C:\Users\pedri\Documents\LABMining\ck\src\main\java\com\github\mauricioaniche\ck\util\FileUtils.java
C:\Users\pedri\Documents\LABMining\ck\src\main\java\com\github\mauricioaniche\ck\metric\NumberOfLoops.java
C:\Users\pedri\Documents\LABMining\ck\src\main\java\com\github\mauricioaniche\ck\metric\JavadocLines.java
C:\Users\pedri\Documents\LABMining\ck\src\main\java\com\github\mauricioaniche\ck\metric\NumberOfAssignments.java
C:\Users\pedri\Documents\LABMining\ck\src\main\java\com\github\mauricioaniche\ck\util\MetricsFinder.java
C:\Users\pedri\Documents\LABMining\ck\src\main\java\com\github\mauricioaniche\ck\metric\VariableOrFieldMetric.java
C:\Users\pedri\Documents\LABMining\ck\src\main\java\com\github\mauricioaniche\ck\metric\NumberOfMathOperators.java
C:\Users\pedri\Documents\LABMining\ck\src\main\java\com\github\mauricioaniche\ck\util\LOCCalculator.java
C:\Users\pedri\Documents\LABMining\ck\src\main\java\com\github\mauricioaniche\ck\metric\NumberOfFields.java
C:\Users\pedri\Documents\LABMining\ck\src\main\java\com\github\mauricioaniche\ck\metric\NumberOfParenthesis.java
C:\Users\pedri\Documents\LABMining\ck\src\main\java\com\github\mauricioaniche\ck\util\WordCounter.java
