C:\Users\pedri\Documents\LABMining\ck\src\test\java\com\github\mauricioaniche\ck\JDTUtilsTest.java
C:\Users\pedri\Documents\LABMining\ck\src\test\java\com\github\mauricioaniche\ck\LCOMTest.java
C:\Users\pedri\Documents\LABMining\ck\src\test\java\com\github\mauricioaniche\ck\NumberOfLoopsTest.java
C:\Users\pedri\Documents\LABMining\ck\src\test\java\com\github\mauricioaniche\ck\TightClassCohesionTest.java
C:\Users\pedri\Documents\LABMining\ck\src\test\java\com\github\mauricioaniche\ck\LOCTest.java
C:\Users\pedri\Documents\LABMining\ck\src\test\java\com\github\mauricioaniche\ck\ParametersTest.java
C:\Users\pedri\Documents\LABMining\ck\src\test\java\com\github\mauricioaniche\ck\NumberOfStringsTest.java
C:\Users\pedri\Documents\LABMining\ck\src\test\java\com\github\mauricioaniche\ck\JavadocLinesTest.java
C:\Users\pedri\Documents\LABMining\ck\src\test\java\com\github\mauricioaniche\ck\Java11SupportTest.java
C:\Users\pedri\Documents\LABMining\ck\src\test\java\com\github\mauricioaniche\ck\MethodsDetailsTest.java
C:\Users\pedri\Documents\LABMining\ck\src\test\java\com\github\mauricioaniche\ck\integration\IntegrationTest.java
C:\Users\pedri\Documents\LABMining\ck\src\test\java\com\github\mauricioaniche\ck\ModifiersTest.java
C:\Users\pedri\Documents\LABMining\ck\src\test\java\com\github\mauricioaniche\ck\LocalFieldsTest.java
C:\Users\pedri\Documents\LABMining\ck\src\test\java\com\github\mauricioaniche\ck\util\DependencySorterTest.java
C:\Users\pedri\Documents\LABMining\ck\src\test\java\com\github\mauricioaniche\ck\NumberOfNumbersTest.java
C:\Users\pedri\Documents\LABMining\ck\src\test\java\com\github\mauricioaniche\ck\BaseTest.java
C:\Users\pedri\Documents\LABMining\ck\src\test\java\com\github\mauricioaniche\ck\FieldUsageTest.java
C:\Users\pedri\Documents\LABMining\ck\src\test\java\com\github\mauricioaniche\ck\NumberOfInnerClassesLambdasAndAnonymousClassesTest.java
C:\Users\pedri\Documents\LABMining\ck\src\test\java\com\github\mauricioaniche\ck\RFCTest.java
C:\Users\pedri\Documents\LABMining\ck\src\test\java\com\github\mauricioaniche\ck\LocalFieldsAccessedTest.java
C:\Users\pedri\Documents\LABMining\ck\src\test\java\com\github\mauricioaniche\ck\NumberOfMaxNestedBlocksTest.java
C:\Users\pedri\Documents\LABMining\ck\src\test\java\com\github\mauricioaniche\ck\MethodsTest.java
C:\Users\pedri\Documents\LABMining\ck\src\test\java\com\github\mauricioaniche\ck\LCOMNormalizedTest.java
C:\Users\pedri\Documents\LABMining\ck\src\test\java\com\github\mauricioaniche\ck\NOCTest.java
C:\Users\pedri\Documents\LABMining\ck\src\test\java\com\github\mauricioaniche\ck\VisibleMethodsTest.java
C:\Users\pedri\Documents\LABMining\ck\src\test\java\com\github\mauricioaniche\ck\NumberOfReturnsTest.java
C:\Users\pedri\Documents\LABMining\ck\src\test\java\com\github\mauricioaniche\ck\NumberOfTryCatchesTest.java
C:\Users\pedri\Documents\LABMining\ck\src\test\java\com\github\mauricioaniche\ck\MethodInvocationsTest.java
C:\Users\pedri\Documents\LABMining\ck\src\test\java\com\github\mauricioaniche\ck\DITTest.java
C:\Users\pedri\Documents\LABMining\ck\src\test\java\com\github\mauricioaniche\ck\WordCountsTest.java
C:\Users\pedri\Documents\LABMining\ck\src\test\java\com\github\mauricioaniche\ck\LooseClassCohesionTest.java
C:\Users\pedri\Documents\LABMining\ck\src\test\java\com\github\mauricioaniche\ck\NumberOfMathOperationsTest.java
C:\Users\pedri\Documents\LABMining\ck\src\test\java\com\github\mauricioaniche\ck\util\WordCounterTest.java
C:\Users\pedri\Documents\LABMining\ck\src\test\java\com\github\mauricioaniche\ck\realworld\RealWorldClassesTest.java
C:\Users\pedri\Documents\LABMining\ck\src\test\java\com\github\mauricioaniche\ck\MetricsPerClassesAndInnerClassesTest.java
C:\Users\pedri\Documents\LABMining\ck\src\test\java\com\github\mauricioaniche\ck\CBOTest.java
C:\Users\pedri\Documents\LABMining\ck\src\test\java\com\github\mauricioaniche\ck\FieldsAccessedTest.java
C:\Users\pedri\Documents\LABMining\ck\src\test\java\com\github\mauricioaniche\ck\NumberOfParenthesisTest.java
C:\Users\pedri\Documents\LABMining\ck\src\test\java\com\github\mauricioaniche\ck\NOSITest.java
C:\Users\pedri\Documents\LABMining\ck\src\test\java\com\github\mauricioaniche\ck\NumberOfComparisonsTest.java
C:\Users\pedri\Documents\LABMining\ck\src\test\java\com\github\mauricioaniche\ck\WMCTest.java
C:\Users\pedri\Documents\LABMining\ck\src\test\java\com\github\mauricioaniche\ck\BindingsTest.java
C:\Users\pedri\Documents\LABMining\ck\src\test\java\com\github\mauricioaniche\ck\EnumTest.java
C:\Users\pedri\Documents\LABMining\ck\src\test\java\com\github\mauricioaniche\ck\GenericsTest.java
C:\Users\pedri\Documents\LABMining\ck\src\test\java\com\github\mauricioaniche\ck\ASTDebugger.java
C:\Users\pedri\Documents\LABMining\ck\src\test\java\com\github\mauricioaniche\ck\NumberOfVariablesTest.java
C:\Users\pedri\Documents\LABMining\ck\src\test\java\com\github\mauricioaniche\ck\CouplingTest.java
C:\Users\pedri\Documents\LABMining\ck\src\test\java\com\github\mauricioaniche\ck\VariableNameExtractionTest.java
C:\Users\pedri\Documents\LABMining\ck\src\test\java\com\github\mauricioaniche\ck\realworld\HugeRealWorldClassTest.java
C:\Users\pedri\Documents\LABMining\ck\src\test\java\com\github\mauricioaniche\ck\VariableOrParameterUsageCountTest.java
C:\Users\pedri\Documents\LABMining\ck\src\test\java\com\github\mauricioaniche\ck\IndividualFilesWithContextTest.java
C:\Users\pedri\Documents\LABMining\ck\src\test\java\com\github\mauricioaniche\ck\AssertResult.java
C:\Users\pedri\Documents\LABMining\ck\src\test\java\com\github\mauricioaniche\ck\ClassTypeTest.java
C:\Users\pedri\Documents\LABMining\ck\src\test\java\com\github\mauricioaniche\ck\FieldsTest.java
C:\Users\pedri\Documents\LABMining\ck\src\test\java\com\github\mauricioaniche\ck\NumberOfAssignmentsTest.java
C:\Users\pedri\Documents\LABMining\ck\src\test\java\com\github\mauricioaniche\ck\NumberOfLogStatementsTest.java
C:\Users\pedri\Documents\LABMining\ck\src\test\java\com\github\mauricioaniche\ck\util\FileUtilsTest.java
C:\Users\pedri\Documents\LABMining\ck\src\test\java\com\github\mauricioaniche\ck\util\LOCCalculatorTest.java
